
> vite_react_shadcn_ts@0.0.0 test
> vitest src/__tests__/pages/ProductDetail.test.tsx


[1m[44m DEV [49m[22m [34mv4.0.16 [39m[90mC:/Users/mdnoo/OneDrive/Documents/speedycart-pro[39m

node.exe : 
[90mstderr[2m | src
/__tests__/pages/Prod
uctDetail.test.tsx[2
m > [22m[2mProductD
etail Page[2m > 
[22m[2mshould 
render product 
details after loading
At line:1 char:1
+ & "C:\Program Files
\nodejs/node.exe" "C:
\Users\mdnoo\AppData\
Roaming\ ...
+ ~~~~~~~~~~~~~~~~~~~
~~~~~~~~~~~~~~~~~~~~~
~~~~~~~~~~~~~~~~~~~~~
~~~~~~~~
    + CategoryInfo   
           : NotSpe  
  cified: ([90mst   
 derr[2m...s aft    
er loading:Strin    
g) [], RemoteExc    
eption
    + FullyQualified 
   ErrorId : Native  
  CommandError
 
[22m[39mΓÜá∩╕Å 
React Router Future 
Flag Warning: React 
Router will begin 
wrapping state 
updates in `React.sta
rtTransition` in v7. 
You can use the 
`v7_startTransition` 
future flag to 
opt-in early. For 
more information, 
see https://reactrout
er.com/v6/upgrading/f
uture#v7_starttransit
ion.
ΓÜá∩╕Å React Router 
Future Flag Warning: 
Relative route 
resolution within 
Splat routes is 
changing in v7. You 
can use the `v7_relat
iveSplatPath` future 
flag to opt-in 
early. For more 
information, see http
s://reactrouter.com/v
6/upgrading/future#v7
_relativesplatpath.

 [31mΓ¥»[39m src/__tests__/pages/ProductDetail.test.tsx [2m([22m[2m2 tests[22m[2m | [22m[31m1 failed[39m[2m)[22m[33m 1139[2mms[22m[39m
     [32mΓ£ô[39m should render product details after loading[32m 117[2mms[22m[39m
[31m     [31m├ù[31m should load and display variants[39m[33m 1019[2mms[22m[39m

[31mΓÄ»ΓÄ»ΓÄ»ΓÄ»ΓÄ»Γ
Ä»ΓÄ»[39m[1m[41m 
Failed Tests 1 [49m
[22m[31mΓÄ»ΓÄ»ΓÄ»ΓÄ»
ΓÄ»ΓÄ»ΓÄ»[39m

[41m[1m FAIL 
[22m[49m src/__test
s__/pages/ProductDeta
il.test.tsx[2m > 
[22mProductDetail 
Page[2m > 
[22mshould load and 
display variants
[31m[1mTestingLibra
ryElementError[22m[
39m: Unable to find 
an element with the 
text: Small. This 
could be because the 
text is broken up by 
multiple elements. 
In this case, you 
can provide a 
function for your 
text matcher to make 
your matcher more 
flexible.

Ignored nodes: 
comments, script, 
style
[36m<body>[39m
  [36m<div>[39m
    [36m<div[39m
      [33mclass[39m
=[32m"min-h-screen 
bg-gradient-to-b 
from-background 
to-muted/20 
pb-24"[39m
    [36m>[39m
      
[36m<header[39m
        [33mclass[3
9m=[32m"sticky 
top-0 z-50 
bg-background/95 
backdrop-blur 
border-b"[39m
      [36m>[39m
        
[36m<div[39m
          [33mclass
[39m=[32m"container 
mx-auto px-4 
py-3"[39m
        [36m>[39m
          
[36m<div[39m
            [33mclas
s[39m=[32m"flex 
items-center 
justify-between"[39m
          [36m>[39m
            
[36m<div[39m
              [33mcl
ass[39m=[32m"flex 
items-center gap-2 
flex-1 min-w-0"[39m
            
[36m>[39m
              
[36m<button[39m
                [33m
class[39m=[32m"inli
ne-flex items-center 
justify-center gap-2 
whitespace-nowrap 
rounded-md text-sm 
font-medium 
transition-all durati
on-[var(--theme-durat
ion-fast)] 
origin-center ring-of
fset-background focus
-visible:outline-none
 
focus-visible:ring-2 
focus-visible:ring-ri
ng focus-visible:ring
-offset-2 disabled:po
inter-events-none 
disabled:opacity-50 [
&_svg]:pointer-events
-none [&_svg]:size-4 
[&_svg]:shrink-0 hove
r:-translate-y-[var(-
-theme-button-hover-l
ift)] hover:scale-[va
r(--theme-button-hove
r-scale)] active:scal
e-[var(--theme-button
-press-scale)] motion
-reduce:transform-non
e motion-reduce:trans
ition-colors 
hover:bg-accent hover
:text-accent-foregrou
nd h-10 w-10"[39m
              
[36m>[39m
                
[36m<svg[39m
                  [3
3mclass[39m=[32m"lu
cide 
lucide-arrow-left 
h-5 w-5"[39m
                  [3
3mfill[39m=[32m"non
e"[39m
                  [3
3mheight[39m=[32m"2
4"[39m
                  [3
3mstroke[39m=[32m"c
urrentColor"[39m
                  [3
3mstroke-linecap[39m
=[32m"round"[39m
                  [3
3mstroke-linejoin[39
m=[32m"round"[39m
                  [3
3mstroke-width[39m=
[32m"2"[39m
                  [3
3mviewBox[39m=[32m"
0 0 24 24"[39m
                  [3
3mwidth[39m=[32m"24
"[39m
                  [3
3mxmlns[39m=[32m"ht
tp://www.w3.org/2000/
svg"[39m
                
[36m>[39m
                  
[36m<path[39m
                    
[33md[39m=[32m"m12 
19-7-7 7-7"[39m
                  
[36m/>[39m
                  
[36m<path[39m
                    
[33md[39m=[32m"M19 
12H5"[39m
                  
[36m/>[39m
                
[36m</svg>[39m
              
[36m</button>[39m
              
[36m<div[39m
                [33m
class[39m=[32m"flex
 items-center gap-2 
p-2 rounded-lg 
bg-muted/50 flex-1 
min-w-0 
cursor-pointer 
hover:bg-muted transi
tion-colors"[39m
              
[36m>[39m
                
[36m<svg[39m
                  [3
3mclass[39m=[32m"lu
cide lucide-map-pin 
h-4 w-4 text-primary 
flex-shrink-0"[39m
                  [3
3mfill[39m=[32m"non
e"[39m
                  [3
3mheight[39m=[32m"2
4"[39m
                  [3
3mstroke[39m=[32m"c
urrentColor"[39m
                  [3
3mstroke-linecap[39m
=[32m"round"[39m
                  [3
3mstroke-linejoin[39
m=[32m"round"[39m
                  [3
3mstroke-width[39m=
[32m"2"[39m
                  [3
3mviewBox[39m=[32m"
0 0 24 24"[39m
                  [3
3mwidth[39m=[32m"24
"[39m
                  [3
3mxmlns[39m=[32m"ht
tp://www.w3.org/2000/
svg"[39m
                
[36m>[39m
                  
[36m<path[39m
                    
[33md[39m=[32m"M20 
10c0 4.993-5.539 
10.193-7.399 
11.799a1 1 0 0 
1-1.202 0C9.539 
20.193 4 14.993 4 
10a8 8 0 0 1 16 
0"[39m
                  
[36m/>[39m
                  
[36m<circle[39m
                    
[33mcx[39m=[32m"12"
[39m
                    
[33mcy[39m=[32m"10"
[39m
                    
[33mr[39m=[32m"3"[
39m
                  
[36m/>[39m
                
[36m</svg>[39m
                
[36m<span[39m
                  [3
3mclass[39m=[32m"te
xt-sm truncate"[39m
                
[36m>[39m
                  
[0mAdd delivery 
address[0m
                
[36m</span>[39m
              
[36m</div>[39m
            
[36m</div>[39m
            
[36m<button[39m
              [33mcl
ass[39m=[32m"inline
-flex items-center 
justify-center gap-2 
whitespace-nowrap 
rounded-md text-sm 
font-medium 
transition-all durati
on-[var(--theme-durat
ion-fast)] 
origin-center ring-of
fset-background focus
-visible:outline-none
 
focus-visible:ring-2 
focus-visible:ring-ri
ng focus-visible:ring
-offset-2 disabled:po
inter-events-none 
disabled:opacity-50 [
&_svg]:pointer-events
-none [&_svg]:size-4 
[&_svg]:shrink-0 hove
r:-translate-y-[var(-
-theme-button-hover-l
ift)] hover:scale-[va
r(--theme-button-hove
r-scale)] active:scal
e-[var(--theme-button
-press-scale)] motion
-reduce:transform-non
e motion-reduce:trans
ition-colors 
hover:bg-accent hover
:text-accent-foregrou
nd h-10 w-10"[39m
            
[36m>[39m
              
[36m<svg[39m
                [33m
class[39m=[32m"luci
de lucide-search h-5 
w-5"[39m
                [33m
fill[39m=[32m"none"
[39m
                [33m
height[39m=[32m"24"
[39m
                [33m
stroke[39m=[32m"cur
rentColor"[39m
                [33m
stroke-linecap[39m=
[32m"round"[39m
                [33m
stroke-linejoin[39m=
[32m"round"[39m
                [33m
stroke-width[39m=[3
2m"2"[39m
                [33m
viewBox[39m=[32m"0 
0 24 24"[39m
                [33m
width[39m=[32m"24"
[39m
                [33m
xmlns[39m=[32m"http
://www.w3.org/2000/sv
g"[39m
              
[36m>[39m
                
[36m<circle[39m
                  [3
3mcx[39m=[32m"11"[
39m
                  [3
3mcy[39m=[32m"11"[
39m
                  [3
3mr[39m=[32m"8"[39
m
                
[36m/>[39m
                
[36m<path[39m
                  [3
3md[39m=[32m"m21 
21-4.3-4.3"[39m
                
[36m/>[39m
              
[36m</svg>[39m
            
[36m</button>[39m
          
[36m</div>[39m
        
[36m</div>[39m
      
[36m</header>[39m
      [36m<div[39m
        [33mclass[3
9m=[32m"w-full"[39m
      [36m>[39m
        
[36m<div[39m
          [33mclass
[39m=[32m"aspect-squ
are bg-muted 
relative 
overflow-hidden"[39m
        [36m>[39m
          
[36m<img[39m
            [33malt
[39m=[32m"Test 
Product"[39m
            [33mclas
s[39m=[32m"w-full 
h-full object-cover 
transition-opacity 
duration-300"[39m
            [33msrc
[39m=[32m"https://ex
ample.com/image.jpg"
[39m
          
[36m/>[39m
          
[36m<div[39m
            [33mclas
s[39m=[32m"absolute
 top-4 left-4 z-10 
px-3 py-1.5 
rounded-lg 
bg-gradient-to-r 
from-green-500 
to-emerald-600 
text-white text-sm 
font-bold 
shadow-lg"[39m
          [36m>[39m
            
[0m17[0m
            [0m% 
OFF[0m
          
[36m</div>[39m
        
[36m</div>[39m
      
[36m</div>[39m
      [36m<div[39m
        [33mclass[3
9m=[32m"container 
mx-auto px-4 py-4 
space-y-4"[39m
      [36m>[39m
        
[36m<div>[39m
          
[36m<h1[39m
            [33mclas
s[39m=[32m"text-2xl
 font-bold"[39m
          [36m>[39m
            [0mTest 
Product[0m
          
[36m</h1>[39m
          
[36m<div[39m
            [33...

Ignored nodes: 
comments, script, 
style
[36m<html>[39m
  [36m<head />[39m
  [36m<body>[39m
    [36m<div>[39m
      [36m<div[39m
        [33mclass[3
9m=[32m"min-h-screen
 bg-gradient-to-b 
from-background 
to-muted/20 
pb-24"[39m
      [36m>[39m
        
[36m<header[39m
          [33mclass
[39m=[32m"sticky 
top-0 z-50 
bg-background/95 
backdrop-blur 
border-b"[39m
        [36m>[39m
          
[36m<div[39m
            [33mclas
s[39m=[32m"containe
r mx-auto px-4 
py-3"[39m
          [36m>[39m
            
[36m<div[39m
              [33mcl
ass[39m=[32m"flex 
items-center 
justify-between"[39m
            
[36m>[39m
              
[36m<div[39m
                [33m
class[39m=[32m"flex
 items-center gap-2 
flex-1 min-w-0"[39m
              
[36m>[39m
                
[36m<button[39m
                  [3
3mclass[39m=[32m"in
line-flex 
items-center 
justify-center gap-2 
whitespace-nowrap 
rounded-md text-sm 
font-medium 
transition-all durati
on-[var(--theme-durat
ion-fast)] 
origin-center ring-of
fset-background focus
-visible:outline-none
 
focus-visible:ring-2 
focus-visible:ring-ri
ng focus-visible:ring
-offset-2 disabled:po
inter-events-none 
disabled:opacity-50 [
&_svg]:pointer-events
-none [&_svg]:size-4 
[&_svg]:shrink-0 hove
r:-translate-y-[var(-
-theme-button-hover-l
ift)] hover:scale-[va
r(--theme-button-hove
r-scale)] active:scal
e-[var(--theme-button
-press-scale)] motion
-reduce:transform-non
e motion-reduce:trans
ition-colors 
hover:bg-accent hover
:text-accent-foregrou
nd h-10 w-10"[39m
                
[36m>[39m
                  
[36m<svg[39m
                    
[33mclass[39m=[32m"
lucide 
lucide-arrow-left 
h-5 w-5"[39m
                    
[33mfill[39m=[32m"n
one"[39m
                    
[33mheight[39m=[32m
"24"[39m
                    
[33mstroke[39m=[32m
"currentColor"[39m
                    
[33mstroke-linecap[3
9m=[32m"round"[39m
                    
[33mstroke-linejoin[
39m=[32m"round"[39m
                    
[33mstroke-width[39m
=[32m"2"[39m
                    
[33mviewBox[39m=[32
m"0 0 24 24"[39m
                    
[33mwidth[39m=[32m"
24"[39m
                    
[33mxmlns[39m=[32m"
http://www.w3.org/200
0/svg"[39m
                  
[36m>[39m
                    
[36m<path[39m
                     
 [33md[39m=[32m"m1
2 19-7-7 7-7"[39m
                    
[36m/>[39m
                    
[36m<path[39m
                     
 [33md[39m=[32m"M1
9 12H5"[39m
                    
[36m/>[39m
                  
[36m</svg>[39m
                
[36m</button>[39m
                
[36m<div[39m
                  [3
3mclass[39m=[32m"fl
ex items-center 
gap-2 p-2 rounded-lg 
bg-muted/50 flex-1 
min-w-0 
cursor-pointer 
hover:bg-muted transi
tion-colors"[39m
                
[36m>[39m
                  
[36m<svg[39m
                    
[33mclass[39m=[32m"
lucide 
lucide-map-pin h-4 
w-4 text-primary 
flex-shrink-0"[39m
                    
[33mfill[39m=[32m"n
one"[39m
                    
[33mheight[39m=[32m
"24"[39m
                    
[33mstroke[39m=[32m
"currentColor"[39m
                    
[33mstroke-linecap[3
9m=[32m"round"[39m
                    
[33mstroke-linejoin[
39m=[32m"round"[39m
                    
[33mstroke-width[39m
=[32m"2"[39m
                    
[33mviewBox[39m=[32
m"0 0 24 24"[39m
                    
[33mwidth[39m=[32m"
24"[39m
                    
[33mxmlns[39m=[32m"
http://www.w3.org/200
0/svg"[39m
                  
[36m>[39m
                    
[36m<path[39m
                     
 [33md[39m=[32m"M2
0 10c0 4.993-5.539 
10.193-7.399 
11.799a1 1 0 0 
1-1.202 0C9.539 
20.193 4 14.993 4 
10a8 8 0 0 1 16 
0"[39m
                    
[36m/>[39m
                    
[36m<circle[39m
                     
 [33mcx[39m=[32m"1
2"[39m
                     
 [33mcy[39m=[32m"1
0"[39m
                     
 [33mr[39m=[32m"3"
[39m
                    
[36m/>[39m
                  
[36m</svg>[39m
                  
[36m<span[39m
                    
[33mclass[39m=[32m"
text-sm 
truncate"[39m
                  
[36m>[39m
                    
[0mAdd delivery 
address[0m

[2m Test Files [22m [1m[31m1 failed[39m[22m[90m (1)[39m
[2m      Tests [22m [1m[31m1 failed[39m[22m[2m | [22m[1m[32m1 passed[39m[22m[90m (2)[39m
[2m   Start at [22m 22:11:17
[2m   Duration [22m 3.48s[2m (transform 372ms, setup 175ms, import 732ms, tests 1.14s, environment 1.15s)[22m

[1m[41m FAIL [49m[22m [31mTests failed. Watching for file changes...[39m
       [2mpress [22m[1mh[22m[2m to show help[22m[2m, [22m[2mpress [22m[1mq[22m[2m to quit[22m
                  
[36m</span>[39m
                
[36m</div>[39m
              
[36m</div>[39m
              
[36m<button[39m
                [33m
class[39m=[32m"inli
ne-flex items-center 
justify-center gap-2 
whitespace-nowrap 
rounded-md text-sm 
font-medium 
transition-all durati
on-[var(--theme-durat
ion-fast)] 
origin-center ring-of
fset-background focus
-visible:outline-none
 
focus-visible:ring-2 
focus-visible:ring-ri
ng focus-visible:ring
-offset-2 disabled:po
inter-events-none 
disabled:opacity-50 [
&_svg]:pointer-events
-none [&_svg]:size-4 
[&_svg]:shrink-0 hove
r:-translate-y-[var(-
-theme-button-hover-l
ift)] hover:scale-[va
r(--theme-button-hove
r-scale)] active:scal
e-[var(--theme-button
-press-scale)] motion
-reduce:transform-non
e motion-reduce:trans
ition-colors 
hover:bg-accent hover
:text-accent-foregrou
nd h-10 w-10"[39m
              
[36m>[39m
                
[36m<svg[39m
                  [3
3mclass[39m=[32m"lu
cide lucide-search 
h-5 w-5"[39m
                  [3
3mfill[39m=[32m"non
e"[39m
                  [3
3mheight[39m=[32m"2
4"[39m
                  [3
3mstroke[39m=[32m"c
urrentColor"[39m
                  [3
3mstroke-linecap[39m
=[32m"round"[39m
                  [3
3mstroke-linejoin[39
m=[32m"round"[39m
                  [3
3mstroke-width[39m=
[32m"2"[39m
                  [3
3mviewBox[39m=[32m"
0 0 24 24"[39m
                  [3
3mwidth[39m=[32m"24
"[39m
                  [3
3mxmlns[39m=[32m"ht
tp://www.w3.org/2000/
svg"[39m
                
[36m>[39m
                  
[36m<circle[39m
                    
[33mcx[39m=[32m"11"
[39m
                    
[33mcy[39m=[32m"11"
[39m
                    
[33mr[39m=[32m"8"[
39m
                  
[36m/>[39m
                  
[36m<path[39m
                    
[33md[39m=[32m"m21 
21-4.3-4.3"[39m
                  
[36m/>[39m
                
[36m</svg>[39m
              
[36m</button>[39m
            
[36m</div>[39m
          
[36m</div>[39m
        
[36m</header>[39m
        
[36m<div[39m
          [33mclass
[39m=[32m"w-full"[3
9m
        [36m>[39m
          
[36m<div[39m
            [33mclas
s[39m=[32m"aspect-s
quare bg-muted 
relative 
overflow-hidden"[39m
          [36m>[39m
            
[36m<img[39m
              [33mal
t[39m=[32m"Test 
Product"[39m
              [33mcl
ass[39m=[32m"w-full
 h-full object-cover 
transition-opacity 
duration-300"[39m
              [33msr
c[39m=[32m"https://
example.com/image.jpg
"[39m
            
[36m/>[39m
            
[36m<div[39m
              [33mcl
ass[39m=[32m"absolu
te top-4 left-4 z-10 
px-3 py-1.5 
rounded-lg 
bg-gradient-to-r 
from-green-500 
to-emerald-600 
text-white text-sm 
font-bold 
shadow-lg"[39m
            
[36m>[39m
              
[0m17[0m
              [0m% 
OFF[0m
            
[36m</div>[39m
          
[36m</div>[39m
        
[36m</div>[39m
        
[36m<div[39m
          [33mclass
[39m=[32m"container 
mx-...
[90m [2mΓ¥»[22m 
Proxy.waitFor node_mo
dules/@testing-librar
y/dom/dist/wait-for.j
s:[2m163:27[22m[39
m
[36m [2mΓ¥»[22m sr
c/__tests__/pages/Pro
ductDetail.test.tsx:
[2m214:15[22m[39m
    [90m212| [39m  
      [34mrenderComp
onent[39m()[33m;[3
9m
    [90m213| [39m
    [90m214| [39m  
      
[35mawait[39m 
[34mwaitFor[39m(() 
[33m=>[39m {
    [90m   | [39m  
            
[31m^[39m
    [90m215| [39m  
          [34mexpect
[39m(screen[33m.[3
9m[34mgetByText[39m
([32m'Small'[39m))
[33m.[39m[34mtoBeIn
TheDocument[39m()[3
3m;[39m
    [90m216| [39m  
          [90m// 
Large variant comes 
from 
variantsChain[39m

[31m[2mΓÄ»ΓÄ»ΓÄ»ΓÄ»
ΓÄ»ΓÄ»ΓÄ»ΓÄ»ΓÄ»ΓÄ»ΓÄ»
ΓÄ»ΓÄ»ΓÄ»ΓÄ»ΓÄ»ΓÄ»ΓÄ»
ΓÄ»ΓÄ»ΓÄ»ΓÄ»ΓÄ»ΓÄ»[1/
1]ΓÄ»[22m[39m

c[3J[1m[44m RERUN [49m[22m [34m[2msrc/__tests__/pages/ProductDetail.test.tsx [22m[34mx1 [34m[39m
       [2m Filename pattern: [22m[34msrc/__tests__/pages/ProductDetail.test.tsx[39m

[90mstderr[2m | src
/__tests__/pages/Prod
uctDetail.test.tsx[2
m > [22m[2mProductD
etail Page[2m > 
[22m[2mshould 
render product 
details after loading
[22m[39mΓÜá∩╕Å 
React Router Future 
Flag Warning: React 
Router will begin 
wrapping state 
updates in `React.sta
rtTransition` in v7. 
You can use the 
`v7_startTransition` 
future flag to 
opt-in early. For 
more information, 
see https://reactrout
er.com/v6/upgrading/f
uture#v7_starttransit
ion.
ΓÜá∩╕Å React Router 
Future Flag Warning: 
Relative route 
resolution within 
Splat routes is 
changing in v7. You 
can use the `v7_relat
iveSplatPath` future 
flag to opt-in 
early. For more 
information, see http
s://reactrouter.com/v
6/upgrading/future#v7
_relativesplatpath.

 [32mΓ£ô[39m src/__tests__/pages/ProductDetail.test.tsx [2m([22m[2m2 tests[22m[2m)[22m[32m 197[2mms[22m[39m

[2m Test Files [22m [1m[32m1 passed[39m[22m[90m (1)[39m
[2m      Tests [22m [1m[32m2 passed[39m[22m[90m (2)[39m
[2m   Start at [22m 22:12:24
[2m   Duration [22m 879ms

[1m[42m PASS [49m[22m [32mWaiting for file changes...[39m
       [2mpress [22m[1mh[22m[2m to show help[22m[2m, [22m[2mpress [22m[1mq[22m[2m to quit[22m
c[3J[1m[44m RERUN [49m[22m [34m[2mpackage.json [22m[34mx2 [34m[39m
       [2m Filename pattern: [22m[34msrc/__tests__/pages/ProductDetail.test.tsx[39m

[90mstderr[2m | src
/__tests__/pages/Prod
uctDetail.test.tsx[2
m > [22m[2mProductD
etail Page[2m > 
[22m[2mshould 
render product 
details after loading
[22m[39mΓÜá∩╕Å 
React Router Future 
Flag Warning: React 
Router will begin 
wrapping state 
updates in `React.sta
rtTransition` in v7. 
You can use the 
`v7_startTransition` 
future flag to 
opt-in early. For 
more information, 
see https://reactrout
er.com/v6/upgrading/f
uture#v7_starttransit
ion.
ΓÜá∩╕Å React Router 
Future Flag Warning: 
Relative route 
resolution within 
Splat routes is 
changing in v7. You 
can use the `v7_relat
iveSplatPath` future 
flag to opt-in 
early. For more 
information, see http
s://reactrouter.com/v
6/upgrading/future#v7
_relativesplatpath.

 [32mΓ£ô[39m src/__tests__/pages/ProductDetail.test.tsx [2m([22m[2m2 tests[22m[2m)[22m[32m 268[2mms[22m[39m

[2m Test Files [22m [1m[32m1 passed[39m[22m[90m (1)[39m
[2m      Tests [22m [1m[32m2 passed[39m[22m[90m (2)[39m
[2m   Start at [22m 22:14:21
[2m   Duration [22m 1.17s

[1m[42m PASS [49m[22m [32mWaiting for file changes...[39m
       [2mpress [22m[1mh[22m[2m to show help[22m[2m, [22m[2mpress [22m[1mq[22m[2m to quit[22m
